// Jest Snapshot v1, https://goo.gl/fbAQLP

exports[`Table Should matches snapshot 1`] = `
<div>
  <div
    class="w-full"
  >
    <div
      class="p-0 border-none ring-0 overflow-x-auto "
    >
      <div
        class="flex flex-col items-start justify-start my-2"
      >
        <table
          class="w-full"
          id="table"
          tabindex="0"
        >
          <thead>
            <tr>
              <th
                class="px-6 py-2 leading-[17px] tracking-[0.2px] cursor-default"
                data-testid="header-cell-#"
              >
                <div
                  class="flex items-center w-full"
                >
                  <div
                    class="text-sm font-normal text-darker"
                  >
                    #
                  </div>
                </div>
              </th>
              <th
                class="px-6 py-2 leading-[17px] tracking-[0.2px] cursor-pointer"
                data-testid="header-cell-Full Name"
              >
                <div
                  class="flex items-center w-full"
                >
                  <div
                    class="text-sm font-normal text-darker"
                  >
                    Full Name
                  </div>
                  <button
                    aria-label="Arrow Sort"
                    class="flex flex-row gap-x-4 font-primary uppercase font-medium disabled:cursor-not-allowed items-center justify-center bg-transprent border-none hover:bg-transprent text-sm rounded-lg w-[16px] h-[16px] p-0 ml-2"
                    type="button"
                  >
                    <svg
                      fill="none"
                      height="16"
                      viewBox="0 0 16 16"
                      width="16"
                      xmlns="http://www.w3.org/2000/svg"
                    >
                      <path
                        d="M2.66669 5.16666H13.3334M4.33335 7.83332H11.6667M5.66669 10.5H10.3334"
                        stroke="#6c757d"
                        stroke-linecap="round"
                      />
                    </svg>
                  </button>
                </div>
              </th>
              <th
                class="px-6 py-2 leading-[17px] tracking-[0.2px] cursor-default"
                data-testid="header-cell-Status"
              >
                <div
                  class="flex items-center w-full"
                >
                  <div
                    class="text-sm font-normal text-darker"
                  >
                    Status
                  </div>
                </div>
              </th>
              <th
                class="px-6 py-2 leading-[17px] tracking-[0.2px] cursor-pointer"
                data-testid="header-cell-E-Mail"
              >
                <div
                  class="flex items-center w-full"
                >
                  <div
                    class="text-sm font-normal text-darker"
                  >
                    E-Mail
                  </div>
                  <button
                    aria-label="Arrow Sort"
                    class="flex flex-row gap-x-4 font-primary uppercase font-medium disabled:cursor-not-allowed items-center justify-center bg-transprent border-none hover:bg-transprent text-sm rounded-lg w-[16px] h-[16px] p-0 ml-2"
                    type="button"
                  >
                    <svg
                      fill="none"
                      height="16"
                      viewBox="0 0 16 16"
                      width="16"
                      xmlns="http://www.w3.org/2000/svg"
                    >
                      <path
                        d="M2.66669 5.16666H13.3334M4.33335 7.83332H11.6667M5.66669 10.5H10.3334"
                        stroke="#6c757d"
                        stroke-linecap="round"
                      />
                    </svg>
                  </button>
                </div>
              </th>
              <th
                class="px-6 py-2 leading-[17px] tracking-[0.2px] cursor-pointer"
                data-testid="header-cell-Date of Birth"
              >
                <div
                  class="flex items-center w-full"
                >
                  <div
                    class="text-sm font-normal text-darker"
                  >
                    Date of Birth
                  </div>
                  <button
                    aria-label="Arrow Sort"
                    class="flex flex-row gap-x-4 font-primary uppercase font-medium disabled:cursor-not-allowed items-center justify-center bg-transprent border-none hover:bg-transprent text-sm rounded-lg w-[16px] h-[16px] p-0 ml-2"
                    type="button"
                  >
                    <svg
                      fill="none"
                      height="16"
                      viewBox="0 0 16 16"
                      width="16"
                      xmlns="http://www.w3.org/2000/svg"
                    >
                      <path
                        d="M2.66669 5.16666H13.3334M4.33335 7.83332H11.6667M5.66669 10.5H10.3334"
                        stroke="#6c757d"
                        stroke-linecap="round"
                      />
                    </svg>
                  </button>
                </div>
              </th>
            </tr>
          </thead>
          <tbody>
            <tr>
              <td
                class="px-6 py-2 border-0 border-b border-gray-100 bg-greyish"
              >
                <div
                  class="flex items-center"
                >
                  <p
                    class="text-darker font-normal text-sm max-w-[200px] truncate"
                  >
                    1
                  </p>
                </div>
              </td>
              <td
                class="px-6 py-2 border-0 border-b border-gray-100 bg-greyish"
              >
                <div
                  class="flex items-center"
                >
                  <p
                    class="text-darker font-normal text-sm max-w-[200px] truncate"
                  >
                    Alyvia Kelley
                  </p>
                </div>
              </td>
              <td
                class="px-6 py-2 border-0 border-b border-gray-100 bg-greyish"
              >
                <div
                  class="flex items-center"
                >
                  <div
                    class="h-2.5 w-2.5 rounded-full bg-green-500 me-2"
                  />
                  <p
                    class="text-darker font-normal text-sm max-w-[200px] truncate"
                  >
                    Approved
                  </p>
                </div>
              </td>
              <td
                class="px-6 py-2 border-0 border-b border-gray-100 bg-greyish"
              >
                <div
                  class="flex items-center"
                >
                  <p
                    class="text-darker font-normal text-sm max-w-[200px] truncate"
                  >
                    test@gmail.com
                  </p>
                </div>
              </td>
              <td
                class="px-6 py-2 border-0 border-b border-gray-100 bg-greyish"
              >
                <div
                  class="flex items-center"
                >
                  <p
                    class="text-darker font-normal text-sm max-w-[200px] truncate"
                  >
                    06/18/1978
                  </p>
                </div>
              </td>
            </tr>
            <tr>
              <td
                class="px-6 py-2 border-0 border-b border-gray-100 bg-transparent"
              >
                <div
                  class="flex items-center"
                >
                  <p
                    class="text-darker font-normal text-sm max-w-[200px] truncate"
                  >
                    2
                  </p>
                </div>
              </td>
              <td
                class="px-6 py-2 border-0 border-b border-gray-100 bg-transparent"
              >
                <div
                  class="flex items-center"
                >
                  <p
                    class="text-darker font-normal text-sm max-w-[200px] truncate"
                  >
                    Jaiden Nixon
                  </p>
                </div>
              </td>
              <td
                class="px-6 py-2 border-0 border-b border-gray-100 bg-transparent"
              >
                <div
                  class="flex items-center"
                >
                  <div
                    class="h-2.5 w-2.5 rounded-full bg-gray-500 me-2"
                  />
                  <p
                    class="text-darker font-normal text-sm max-w-[200px] truncate"
                  >
                    Rejected
                  </p>
                </div>
              </td>
              <td
                class="px-6 py-2 border-0 border-b border-gray-100 bg-transparent"
              >
                <div
                  class="flex items-center"
                >
                  <p
                    class="text-darker font-normal text-sm max-w-[200px] truncate"
                  >
                    jaiden.n@gmail.com
                  </p>
                </div>
              </td>
              <td
                class="px-6 py-2 border-0 border-b border-gray-100 bg-transparent"
              >
                <div
                  class="flex items-center"
                >
                  <p
                    class="text-darker font-normal text-sm max-w-[200px] truncate"
                  >
                    09/18/1983
                  </p>
                </div>
              </td>
            </tr>
            <tr>
              <td
                class="px-6 py-2 border-0 border-b border-gray-100 bg-greyish"
              >
                <div
                  class="flex items-center"
                >
                  <p
                    class="text-darker font-normal text-sm max-w-[200px] truncate"
                  >
                    3
                  </p>
                </div>
              </td>
              <td
                class="px-6 py-2 border-0 border-b border-gray-100 bg-greyish"
              >
                <div
                  class="flex items-center"
                >
                  <p
                    class="text-darker font-normal text-sm max-w-[200px] truncate"
                  >
                    Jaiden Nixon
                  </p>
                </div>
              </td>
              <td
                class="px-6 py-2 border-0 border-b border-gray-100 bg-greyish"
              >
                <div
                  class="flex items-center"
                >
                  <div
                    class="h-2.5 w-2.5 rounded-full bg-red-500 me-2"
                  />
                  <p
                    class="text-darker font-normal text-sm max-w-[200px] truncate"
                  >
                    Blocked
                  </p>
                </div>
              </td>
              <td
                class="px-6 py-2 border-0 border-b border-gray-100 bg-greyish"
              >
                <div
                  class="flex items-center"
                >
                  <p
                    class="text-darker font-normal text-sm max-w-[200px] truncate"
                  >
                    me@clayton.com
                  </p>
                </div>
              </td>
              <td
                class="px-6 py-2 border-0 border-b border-gray-100 bg-greyish"
              >
                <div
                  class="flex items-center"
                >
                  <p
                    class="text-darker font-normal text-sm max-w-[200px] truncate"
                  >
                    10/18/1988
                  </p>
                </div>
              </td>
            </tr>
          </tbody>
        </table>
      </div>
    </div>
  </div>
</div>
`;
