// Jest Snapshot v1, https://goo.gl/fbAQLP

exports[`TableBody Should matches snapshot 1`] = `
<div>
  <table>
    <tbody>
      <tr>
        <td
          class="px-6 py-2 border-0 border-b border-gray-100 bg-greyish"
        >
          <div
            class="flex items-center"
          >
            <p
              class="text-darker font-normal text-sm max-w-[200px] truncate"
            >
              1
            </p>
          </div>
        </td>
        <td
          class="px-6 py-2 border-0 border-b border-gray-100 bg-greyish"
        >
          <div
            class="flex items-center"
          >
            <p
              class="text-darker font-normal text-sm max-w-[200px] truncate"
            >
              Alyvia Kelley
            </p>
          </div>
        </td>
        <td
          class="px-6 py-2 border-0 border-b border-gray-100 bg-greyish"
        >
          <div
            class="flex items-center"
          >
            <div
              class="h-2.5 w-2.5 rounded-full bg-green-500 me-2"
            />
            <p
              class="text-darker font-normal text-sm max-w-[200px] truncate"
            >
              Approved
            </p>
          </div>
        </td>
        <td
          class="px-6 py-2 border-0 border-b border-gray-100 bg-greyish"
        >
          <div
            class="flex items-center"
          >
            <p
              class="text-darker font-normal text-sm max-w-[200px] truncate"
            >
              test@gmail.com
            </p>
          </div>
        </td>
        <td
          class="px-6 py-2 border-0 border-b border-gray-100 bg-greyish"
        >
          <div
            class="flex items-center"
          >
            <p
              class="text-darker font-normal text-sm max-w-[200px] truncate"
            >
              06/18/1978
            </p>
          </div>
        </td>
      </tr>
      <tr>
        <td
          class="px-6 py-2 border-0 border-b border-gray-100 bg-transparent"
        >
          <div
            class="flex items-center"
          >
            <p
              class="text-darker font-normal text-sm max-w-[200px] truncate"
            >
              2
            </p>
          </div>
        </td>
        <td
          class="px-6 py-2 border-0 border-b border-gray-100 bg-transparent"
        >
          <div
            class="flex items-center"
          >
            <p
              class="text-darker font-normal text-sm max-w-[200px] truncate"
            >
              Jaiden Nixon
            </p>
          </div>
        </td>
        <td
          class="px-6 py-2 border-0 border-b border-gray-100 bg-transparent"
        >
          <div
            class="flex items-center"
          >
            <div
              class="h-2.5 w-2.5 rounded-full bg-gray-500 me-2"
            />
            <p
              class="text-darker font-normal text-sm max-w-[200px] truncate"
            >
              Rejected
            </p>
          </div>
        </td>
        <td
          class="px-6 py-2 border-0 border-b border-gray-100 bg-transparent"
        >
          <div
            class="flex items-center"
          >
            <p
              class="text-darker font-normal text-sm max-w-[200px] truncate"
            >
              jaiden.n@gmail.com
            </p>
          </div>
        </td>
        <td
          class="px-6 py-2 border-0 border-b border-gray-100 bg-transparent"
        >
          <div
            class="flex items-center"
          >
            <p
              class="text-darker font-normal text-sm max-w-[200px] truncate"
            >
              09/18/1983
            </p>
          </div>
        </td>
      </tr>
      <tr>
        <td
          class="px-6 py-2 border-0 border-b border-gray-100 bg-greyish"
        >
          <div
            class="flex items-center"
          >
            <p
              class="text-darker font-normal text-sm max-w-[200px] truncate"
            >
              3
            </p>
          </div>
        </td>
        <td
          class="px-6 py-2 border-0 border-b border-gray-100 bg-greyish"
        >
          <div
            class="flex items-center"
          >
            <p
              class="text-darker font-normal text-sm max-w-[200px] truncate"
            >
              Jaiden Nixon
            </p>
          </div>
        </td>
        <td
          class="px-6 py-2 border-0 border-b border-gray-100 bg-greyish"
        >
          <div
            class="flex items-center"
          >
            <div
              class="h-2.5 w-2.5 rounded-full bg-red-500 me-2"
            />
            <p
              class="text-darker font-normal text-sm max-w-[200px] truncate"
            >
              Blocked
            </p>
          </div>
        </td>
        <td
          class="px-6 py-2 border-0 border-b border-gray-100 bg-greyish"
        >
          <div
            class="flex items-center"
          >
            <p
              class="text-darker font-normal text-sm max-w-[200px] truncate"
            >
              me@clayton.com
            </p>
          </div>
        </td>
        <td
          class="px-6 py-2 border-0 border-b border-gray-100 bg-greyish"
        >
          <div
            class="flex items-center"
          >
            <p
              class="text-darker font-normal text-sm max-w-[200px] truncate"
            >
              10/18/1988
            </p>
          </div>
        </td>
      </tr>
    </tbody>
  </table>
</div>
`;
