// Jest Snapshot v1, https://goo.gl/fbAQLP

exports[`NotFound component Renders NotFound default component 1`] = `
<div>
  <div
    class="flex items-center justify-center w-full min-h-[calc(100vh-200px)] bg-transparent text-red-500 text-md px-2 py-2"
  >
    <p
      class="font-bold"
    >
      Not Found
    </p>
  </div>
</div>
`;
