// Jest Snapshot v1, https://goo.gl/fbAQLP

exports[`Modal component Renders modal component 1`] = `
<div>
  <div
    class="fixed inset-0 z-50 flex min-h-[100px] justify-center items-center transition-colors invisible"
  >
    <div
      class="font-primary font-light rounded-xl shadow p-6 w-full transition-all bg-white text-dark text-sm px-6 py-5 scale-125 opacity-0"
    >
      <div
        class="flex flex-shrink-0 flex-wrap items-center justify-start rounded-t-md border-b-2 mb-2 border-neutral-100 border-opacity-100 py-4"
      >
        <h5
          class="text-xl font-medium leading-normal text-neutral-800 dark:text-neutral-200"
        >
          Modal title
        </h5>
      </div>
      <p
        class="py-4"
      >
         Modal body text goes here.
      </p>
      <div
        class="flex flex-shrink-0 gap-3 flex-wrap items-center justify-end rounded-b-md border-t-2 mt-2 border-neutral-100 border-opacity-100 pt-4"
      >
        <button
          class="flex flex-row gap-x-4 font-primary uppercase font-medium disabled:cursor-not-allowed items-center justify-center bg-white text-darker hover:bg-greyish border hover:border-greyish border-greyish hover:shadow-md text-sm py-2 px-4 rounded-lg"
          type="button"
        >
          Cancel
        </button>
      </div>
    </div>
  </div>
</div>
`;
